
> frontend@0.0.0 dev
> vite


  VITE v8.3.1  ready in 260 ms

  ➜  Local:   http://localhost:3000/
  ➜  Network: http://172.31.176.1:3000/    vEthernet (WSL (Hyp…
  ➜  Network: http://192.168.163.1:3000/   VMware Network Adap…
  ➜  Network: http://192.168.138.1:3000/   VMware Network Adap…
  ➜  Network: http://192.168.100.81:3000/  Wi-Fi
10:30:38 AM [vite] (client) hmr update /src/index.css, /src/context/AppContext.jsx
10:30:38 AM [vite] (client) hmr invalidate /src/context/AppContext.jsx Could not Fast Refresh ("useApp" export is incompatible). Learn more at https://github.com/vitejs/vite-plugin-react/tree/main/packages/plugin-react#consistent-components-exports
10:30:38 AM [vite] (client) hmr update /src/App.jsx, /src/components/layout/Toast.jsx, /src/components/layout/Sidebar.jsx, /src/components/layout/Header.jsx, /src/modules/gantt/GanttPage.jsx, /src/modules/hr/HRPage.jsx, /src/modules/tasks/TasksPage.jsx, /src/modules/dashboard/DashboardPage.jsx
10:30:51 AM [vite] (client) hmr update /src/context/AppContext.jsx, /src/index.css
10:30:51 AM [vite] (client) hmr invalidate /src/context/AppContext.jsx Could not Fast Refresh ("useApp" export is incompatible). Learn more at https://github.com/vitejs/vite-plugin-react/tree/main/packages/plugin-react#consistent-components-exports
10:30:51 AM [vite] (client) hmr update /src/App.jsx, /src/components/layout/Toast.jsx, /src/components/layout/Sidebar.jsx, /src/components/layout/Header.jsx, /src/modules/gantt/GanttPage.jsx, /src/modules/hr/HRPage.jsx, /src/modules/tasks/TasksPage.jsx, /src/modules/dashboard/DashboardPage.jsx
10:31:29 AM [vite] (client) hmr update /src/index.css, /src/modules/gantt/GanttPage.jsx
10:32:08 AM [vite] (client) hmr update /src/index.css, /src/modules/gantt/GanttPage.jsx
10:32:32 AM [vite] (client) hmr update /src/index.css, /src/modules/gantt/GanttPage.jsx
10:32:56 AM [vite] (client) hmr update /src/index.css, /src/modules/gantt/GanttPage.jsx
10:48:04 AM [vite] (client) hmr update /src/index.css, /src/modules/gantt/GanttPage.jsx
10:54:33 AM [vite] (client) hmr update /src/index.css, /src/modules/gantt/GanttPage.jsx
10:55:16 AM [vite] (client) hmr update /src/index.css, /src/modules/gantt/GanttPage.jsx
10:55:43 AM [vite] (client) hmr update /src/index.css, /src/modules/tasks/TasksPage.jsx
10:56:02 AM [vite] (client) hmr update /src/index.css, /src/modules/tasks/TasksPage.jsx
10:56:44 AM [vite] (client) hmr update /src/index.css, /src/modules/tasks/TasksPage.jsx
11:04:22 AM [vite] (client) [console.warn] [API] Gọi /tasks/task-1 thất bại: Không tìm thấy nhiệm vụ
11:04:23 AM [vite] (client) [console.warn] [API] Gọi /tasks/task-1 thất bại: Không tìm thấy nhiệm vụ
11:04:25 AM [vite] (client) [console.warn] [API] Gọi /tasks/task-1 thất bại: Không tìm thấy nhiệm vụ
11:04:27 AM [vite] (client) [console.warn] [API] Gọi /tasks/task-1 thất bại: Không tìm thấy nhiệm vụ
11:04:31 AM [vite] (client) [console.warn] [API] Gọi /tasks/task-3 thất bại: Không tìm thấy nhiệm vụ
11:04:32 AM [vite] (client) [console.warn] [API] Gọi /tasks/task-3 thất bại: Không tìm thấy nhiệm vụ
11:04:35 AM [vite] (client) [console.warn] [API] Gọi /tasks/task-3 thất bại: Không tìm thấy nhiệm vụ
11:04:37 AM [vite] (client) [console.warn] [API] Gọi /tasks/task-3 thất bại: Không tìm thấy nhiệm vụ
